2015-09-16T16:13:24.905+0800: 172991.675: [GC 172991.676: [ParNew: 4996287K->28029K(5593344K), 0.0380980 secs] 10645087K->5740472K(16078080K), 0.0386810 secs] [Times: user=0.78 sys=0.01, real=0.04 secs]
2015-09-16T16:13:50.279+0800: 173017.049: [GC 173017.049: [ParNew: 4922237K->31259K(5593344K), 0.0184850 secs] 10634680K->5743775K(16078080K), 0.0190580 secs] [Times: user=0.39 sys=0.00, real=0.02 secs]
2015-09-16T16:14:04.591+0800: 173031.360: [GC 173031.361: [ParNew: 4925467K->42780K(5593344K), 0.0203890 secs] 10637983K->5755298K(16078080K), 0.0209640 secs] [Times: user=0.44 sys=0.00, real=0.02 secs]
2015-09-16T16:14:17.884+0800: 173044.654: [GC 173044.654: [ParNew: 4936988K->57327K(5593344K), 65511.6881550 secs] 10649506K->5770251K(16078080K), 65511.6887520 secs] [Times: user=1128438.33 sys=3981.72, real=65501.73 secs]
2015-09-17T10:26:11.630+0800: 238558.400: [GC 238558.400: [ParNew: 4951530K->219220K(5593344K), 0.0452540 secs] 10664454K->5932144K(16078080K), 0.0458810 secs] [Times: user=1.00 sys=0.00, real=0.05 secs]
2015-09-17T10:26:46.580+0800: 238593.350: [GC 238593.350: [ParNew: 5113428K->699136K(5593344K), 0.1063310 secs] 10826352K->6563987K(16078080K), 0.1067820 secs] [Times: user=1.51 sys=0.12, real=0.10 secs]
2015-09-17T10:26:53.616+0800: 238600.386: [GC 238600.386: [ParNew: 5593344K->222177K(5593344K), 0.1902630 secs] 11458195K->6780233K(16078080K), 0.1906970 secs] [Times: user=1.05 sys=0.17, real=0.19 secs]
2015-09-17T10:26:57.620+0800: 238604.390: [GC 238604.390: [ParNew: 5116385K->89294K(5593344K), 0.0277610 secs] 11674441K->6647350K(16078080K), 0.0283760 secs] [Times: user=0.60 sys=0.00, real=0.02 secs]
2015-09-17T10:26:59.663+0800: 238606.432: [GC 238606.433: [ParNew: 4983502K->155270K(5593344K), 0.0405030 secs] 11541558K->6713325K(16078080K), 0.0411220 secs] [Times: user=0.89 sys=0.00, real=0.04 secs]
2015-09-17T10:27:01.817+0800: 238608.587: [GC 238608.587: [ParNew: 5049478K->148159K(5593344K), 0.0268470 secs] 11607533K->6706215K(16078080K), 0.0275090 secs] [Times: user=0.58 sys=0.00, real=0.03 secs]
