[admin@A01-R08-3-I173-65 seri-1]$ /export/servers/jdk1.6.0_45/bin/jstat -gc 104369 100 1000
 S0C    S1C    S0U    S1U      EC       EU        OC         OU       PC     PU    YGC     YGCT    FGC    FGCT     GCT   
232960.0 232960.0 81124.6 69148.3 1631232.0 1631232.0 14680064.0 3136757.8  131072.0 46320.2  14482  361.636  11      4.429  366.065
232960.0 232960.0 81124.6 69148.3 1631232.0 1631232.0 14680064.0 3136757.8  131072.0 46320.2  14482  361.636  11      4.429  366.065
232960.0 232960.0 81124.6 69148.3 1631232.0 1631232.0 14680064.0 3136757.8  131072.0 46320.2  14482  361.636  11      4.429  366.065
232960.0 232960.0 81124.6 69148.3 1631232.0 1631232.0 14680064.0 3136757.8  131072.0 46320.2  14482  361.636  11      4.429  366.065
232960.0 232960.0 81124.6 69148.3 1631232.0 1631232.0 14680064.0 3136757.8  131072.0 46320.2  14482  361.636  11      4.429  366.065
232960.0 232960.0 81124.6 69148.3 1631232.0 1631232.0 14680064.0 3136757.8  131072.0 46320.2  14482  361.636  11      4.429  366.065
232960.0 232960.0 81124.6 69148.3 1631232.0 1631232.0 14680064.0 3136757.8  131072.0 46320.2  14482  361.636  11      4.429  366.065
232960.0 232960.0 81124.6 69148.3 1631232.0 1631232.0 14680064.0 3136757.8  131072.0 46320.2  14482  361.636  11      4.429  366.065
232960.0 232960.0 81124.6 69148.3 1631232.0 1631232.0 14680064.0 3136757.8  131072.0 46320.2  14482  361.636  11      4.429  366.065
232960.0 232960.0 81124.6 69148.3 1631232.0 1631232.0 14680064.0 3136757.8  131072.0 46320.2  14482  361.636  11      4.429  366.065
232960.0 232960.0 81124.6 69148.3 1631232.0 1631232.0 14680064.0 3136757.8  131072.0 46320.2  14482  361.636  11      4.429  366.065
232960.0 232960.0 81124.6 69148.3 1631232.0 1631232.0 14680064.0 3136757.8  131072.0 46320.2  14482  361.636  11      4.429  366.065
232960.0 232960.0 81124.6 69148.3 1631232.0 1631232.0 14680064.0 3136757.8  131072.0 46320.2  14482  361.636  11      4.429  366.065
232960.0 232960.0 81124.6 69148.3 1631232.0 1631232.0 14680064.0 3136757.8  131072.0 46320.2  14482  361.636  11      4.429  366.065
232960.0 232960.0 81124.6 69148.3 1631232.0 1631232.0 14680064.0 3136757.8  131072.0 46320.2  14482  361.636  11      4.429  366.065
232960.0 232960.0 81124.6 69148.3 1631232.0 1631232.0 14680064.0 3136757.8  131072.0 46320.2  14482  361.636  11      4.429  366.065
232960.0 232960.0 81124.6 69148.3 1631232.0 1631232.0 14680064.0 3136757.8  131072.0 46320.2  14482  361.636  11      4.429  366.065
232960.0 232960.0 81124.6 69148.3 1631232.0 1631232.0 14680064.0 3136757.8  131072.0 46320.2  14482  361.636  11      4.429  366.065
232960.0 232960.0 81124.6 69148.3 1631232.0 1631232.0 14680064.0 3136757.8  131072.0 46320.2  14482  361.636  11      4.429  366.065
232960.0 232960.0 81124.6 69148.3 1631232.0 1631232.0 14680064.0 3136757.8  131072.0 46320.2  14482  361.636  11      4.429  366.065
232960.0 232960.0 81124.6 69148.3 1631232.0 1631232.0 14680064.0 3136757.8  131072.0 46320.2  14482  361.636  11      4.429  366.065
232960.0 232960.0 81124.6 69148.3 1631232.0 1631232.0 14680064.0 3136757.8  131072.0 46320.2  14482  361.636  11      4.429  366.065
232960.0 232960.0 81124.6 69148.3 1631232.0 1631232.0 14680064.0 3136757.8  131072.0 46320.2  14482  361.636  11      4.429  366.065
232960.0 232960.0 81124.6 69148.3 1631232.0 1631232.0 14680064.0 3136757.8  131072.0 46320.2  14482  361.636  11      4.429  366.065